<?xml version="1.0" encoding="ISO-8859-1" ?>
<link_info>
   <banner>TMS320C2000 Linker PC v20.2.1.LTS</banner>
   <copyright>Copyright (c) 1996-2018 Texas Instruments Incorporated</copyright>
   <link_time>0x600eeda5</link_time>
   <link_errors>0x0</link_errors>
   <output_file>BLDC_Motor.out</output_file>
   <entry_point>
      <name>_c_int00</name>
      <address>0x33950d</address>
   </entry_point>
   <input_file_list>
      <input_file id="fl-2">
         <path>.\</path>
         <kind>object</kind>
         <file>main.obj</file>
         <name>main.obj</name>
      </input_file>
      <input_file id="fl-3">
         <path>.\Module\</path>
         <kind>object</kind>
         <file>CRC.obj</file>
         <name>CRC.obj</name>
      </input_file>
      <input_file id="fl-4">
         <path>.\Module\</path>
         <kind>object</kind>
         <file>Control.obj</file>
         <name>Control.obj</name>
      </input_file>
      <input_file id="fl-5">
         <path>.\Module\</path>
         <kind>object</kind>
         <file>Digital_IO.obj</file>
         <name>Digital_IO.obj</name>
      </input_file>
      <input_file id="fl-6">
         <path>.\Module\</path>
         <kind>object</kind>
         <file>ExternalInterrupt.obj</file>
         <name>ExternalInterrupt.obj</name>
      </input_file>
      <input_file id="fl-7">
         <path>.\Module\</path>
         <kind>object</kind>
         <file>FOC.obj</file>
         <name>FOC.obj</name>
      </input_file>
      <input_file id="fl-8">
         <path>.\Module\</path>
         <kind>object</kind>
         <file>Led.obj</file>
         <name>Led.obj</name>
      </input_file>
      <input_file id="fl-9">
         <path>.\Module\</path>
         <kind>object</kind>
         <file>PID.obj</file>
         <name>PID.obj</name>
      </input_file>
      <input_file id="fl-a">
         <path>.\Module\</path>
         <kind>object</kind>
         <file>Relay.obj</file>
         <name>Relay.obj</name>
      </input_file>
      <input_file id="fl-b">
         <path>.\Module\</path>
         <kind>object</kind>
         <file>SelfCheck.obj</file>
         <name>SelfCheck.obj</name>
      </input_file>
      <input_file id="fl-c">
         <path>.\Module\</path>
         <kind>object</kind>
         <file>State_Machine.obj</file>
         <name>State_Machine.obj</name>
      </input_file>
      <input_file id="fl-d">
         <path>.\Module\</path>
         <kind>object</kind>
         <file>SteeringEngine.obj</file>
         <name>SteeringEngine.obj</name>
      </input_file>
      <input_file id="fl-e">
         <path>.\Module\</path>
         <kind>object</kind>
         <file>Steering_ADC.obj</file>
         <name>Steering_ADC.obj</name>
      </input_file>
      <input_file id="fl-f">
         <path>.\Module\</path>
         <kind>object</kind>
         <file>Steering_SCI.obj</file>
         <name>Steering_SCI.obj</name>
      </input_file>
      <input_file id="fl-10">
         <path>.\Module\</path>
         <kind>object</kind>
         <file>Steering_SPI.obj</file>
         <name>Steering_SPI.obj</name>
      </input_file>
      <input_file id="fl-11">
         <path>.\Module\</path>
         <kind>object</kind>
         <file>Steering_XINTF.obj</file>
         <name>Steering_XINTF.obj</name>
      </input_file>
      <input_file id="fl-12">
         <path>.\Src\</path>
         <kind>object</kind>
         <file>DSP2833x_ADC_cal.obj</file>
         <name>DSP2833x_ADC_cal.obj</name>
      </input_file>
      <input_file id="fl-13">
         <path>.\Src\</path>
         <kind>object</kind>
         <file>DSP2833x_Adc.obj</file>
         <name>DSP2833x_Adc.obj</name>
      </input_file>
      <input_file id="fl-14">
         <path>.\Src\</path>
         <kind>object</kind>
         <file>DSP2833x_CodeStartBranch.obj</file>
         <name>DSP2833x_CodeStartBranch.obj</name>
      </input_file>
      <input_file id="fl-15">
         <path>.\Src\</path>
         <kind>object</kind>
         <file>DSP2833x_CpuTimers.obj</file>
         <name>DSP2833x_CpuTimers.obj</name>
      </input_file>
      <input_file id="fl-16">
         <path>.\Src\</path>
         <kind>object</kind>
         <file>DSP2833x_DMA.obj</file>
         <name>DSP2833x_DMA.obj</name>
      </input_file>
      <input_file id="fl-17">
         <path>.\Src\</path>
         <kind>object</kind>
         <file>DSP2833x_DefaultIsr.obj</file>
         <name>DSP2833x_DefaultIsr.obj</name>
      </input_file>
      <input_file id="fl-18">
         <path>.\Src\</path>
         <kind>object</kind>
         <file>DSP2833x_EPwm.obj</file>
         <name>DSP2833x_EPwm.obj</name>
      </input_file>
      <input_file id="fl-19">
         <path>.\Src\</path>
         <kind>object</kind>
         <file>DSP2833x_GlobalVariableDefs.obj</file>
         <name>DSP2833x_GlobalVariableDefs.obj</name>
      </input_file>
      <input_file id="fl-1a">
         <path>.\Src\</path>
         <kind>object</kind>
         <file>DSP2833x_Gpio.obj</file>
         <name>DSP2833x_Gpio.obj</name>
      </input_file>
      <input_file id="fl-1b">
         <path>.\Src\</path>
         <kind>object</kind>
         <file>DSP2833x_MemCopy.obj</file>
         <name>DSP2833x_MemCopy.obj</name>
      </input_file>
      <input_file id="fl-1c">
         <path>.\Src\</path>
         <kind>object</kind>
         <file>DSP2833x_PieCtrl.obj</file>
         <name>DSP2833x_PieCtrl.obj</name>
      </input_file>
      <input_file id="fl-1d">
         <path>.\Src\</path>
         <kind>object</kind>
         <file>DSP2833x_PieVect.obj</file>
         <name>DSP2833x_PieVect.obj</name>
      </input_file>
      <input_file id="fl-1e">
         <path>.\Src\</path>
         <kind>object</kind>
         <file>DSP2833x_Sci.obj</file>
         <name>DSP2833x_Sci.obj</name>
      </input_file>
      <input_file id="fl-1f">
         <path>.\Src\</path>
         <kind>object</kind>
         <file>DSP2833x_Spi.obj</file>
         <name>DSP2833x_Spi.obj</name>
      </input_file>
      <input_file id="fl-20">
         <path>.\Src\</path>
         <kind>object</kind>
         <file>DSP2833x_SysCtrl.obj</file>
         <name>DSP2833x_SysCtrl.obj</name>
      </input_file>
      <input_file id="fl-21">
         <path>.\Src\</path>
         <kind>object</kind>
         <file>DSP2833x_Xintf.obj</file>
         <name>DSP2833x_Xintf.obj</name>
      </input_file>
      <input_file id="fl-22">
         <path>.\Src\</path>
         <kind>object</kind>
         <file>DSP2833x_usDelay.obj</file>
         <name>DSP2833x_usDelay.obj</name>
      </input_file>
      <input_file id="fl-27">
         <kind>object</kind>
         <file>&lt;internal&gt;</file>
         <name>&lt;internal&gt;</name>
      </input_file>
      <input_file id="fl-33">
         <path>C:\ti\ccs1011\ccs\tools\compiler\ti-cgt-c2000_20.2.1.LTS\lib\</path>
         <kind>archive</kind>
         <file>rts2800_fpu32.lib</file>
         <name>s_cosf.c.obj</name>
      </input_file>
      <input_file id="fl-34">
         <path>C:\ti\ccs1011\ccs\tools\compiler\ti-cgt-c2000_20.2.1.LTS\lib\</path>
         <kind>archive</kind>
         <file>rts2800_fpu32.lib</file>
         <name>s_sinf.c.obj</name>
      </input_file>
      <input_file id="fl-35">
         <path>C:\ti\ccs1011\ccs\tools\compiler\ti-cgt-c2000_20.2.1.LTS\lib\</path>
         <kind>archive</kind>
         <file>rts2800_fpu32.lib</file>
         <name>boot28.asm.obj</name>
      </input_file>
      <input_file id="fl-36">
         <path>C:\ti\ccs1011\ccs\tools\compiler\ti-cgt-c2000_20.2.1.LTS\lib\</path>
         <kind>archive</kind>
         <file>rts2800_fpu32.lib</file>
         <name>fs_div28.asm.obj</name>
      </input_file>
      <input_file id="fl-37">
         <path>C:\ti\ccs1011\ccs\tools\compiler\ti-cgt-c2000_20.2.1.LTS\lib\</path>
         <kind>archive</kind>
         <file>rts2800_fpu32.lib</file>
         <name>u_div28.asm.obj</name>
      </input_file>
      <input_file id="fl-38">
         <path>C:\ti\ccs1011\ccs\tools\compiler\ti-cgt-c2000_20.2.1.LTS\lib\</path>
         <kind>archive</kind>
         <file>rts2800_fpu32.lib</file>
         <name>cpy_tbl.c.obj</name>
      </input_file>
      <input_file id="fl-39">
         <path>C:\ti\ccs1011\ccs\tools\compiler\ti-cgt-c2000_20.2.1.LTS\lib\</path>
         <kind>archive</kind>
         <file>rts2800_fpu32.lib</file>
         <name>memcpy.c.obj</name>
      </input_file>
      <input_file id="fl-3a">
         <path>C:\ti\ccs1011\ccs\tools\compiler\ti-cgt-c2000_20.2.1.LTS\lib\</path>
         <kind>archive</kind>
         <file>rts2800_fpu32.lib</file>
         <name>pre_init.c.obj</name>
      </input_file>
      <input_file id="fl-3b">
         <path>C:\ti\ccs1011\ccs\tools\compiler\ti-cgt-c2000_20.2.1.LTS\lib\</path>
         <kind>archive</kind>
         <file>rts2800_fpu32.lib</file>
         <name>startup.c.obj</name>
      </input_file>
      <input_file id="fl-3c">
         <path>C:\ti\ccs1011\ccs\tools\compiler\ti-cgt-c2000_20.2.1.LTS\lib\</path>
         <kind>archive</kind>
         <file>rts2800_fpu32.lib</file>
         <name>exit.c.obj</name>
      </input_file>
      <input_file id="fl-3d">
         <path>C:\ti\ccs1011\ccs\tools\compiler\ti-cgt-c2000_20.2.1.LTS\lib\</path>
         <kind>archive</kind>
         <file>rts2800_fpu32.lib</file>
         <name>_lock.c.obj</name>
      </input_file>
      <input_file id="fl-3e">
         <path>C:\ti\ccs1011\ccs\tools\compiler\ti-cgt-c2000_20.2.1.LTS\lib\</path>
         <kind>archive</kind>
         <file>rts2800_fpu32.lib</file>
         <name>args_main.c.obj</name>
      </input_file>
   </input_file_list>
   <object_component_list>
      <object_component id="oc-fe">
         <name>PieVectTableFile</name>
         <uninitialized>true</uninitialized>
         <run_address>0xd00</run_address>
         <size>0x100</size>
         <input_file_ref idref="fl-19"/>
      </object_component>
      <object_component id="oc-fa">
         <name>DevEmuRegsFile</name>
         <uninitialized>true</uninitialized>
         <run_address>0x880</run_address>
         <size>0xd0</size>
         <input_file_ref idref="fl-19"/>
      </object_component>
      <object_component id="oc-d2">
         <name>FlashRegsFile</name>
         <uninitialized>true</uninitialized>
         <run_address>0xa80</run_address>
         <size>0x8</size>
         <input_file_ref idref="fl-19"/>
      </object_component>
      <object_component id="oc-d5">
         <name>CsmRegsFile</name>
         <uninitialized>true</uninitialized>
         <run_address>0xae0</run_address>
         <size>0x10</size>
         <input_file_ref idref="fl-19"/>
      </object_component>
      <object_component id="oc-d4">
         <name>AdcMirrorFile</name>
         <uninitialized>true</uninitialized>
         <run_address>0xb00</run_address>
         <size>0x10</size>
         <input_file_ref idref="fl-19"/>
      </object_component>
      <object_component id="oc-dd">
         <name>XintfRegsFile</name>
         <uninitialized>true</uninitialized>
         <run_address>0xb20</run_address>
         <size>0x1e</size>
         <input_file_ref idref="fl-19"/>
      </object_component>
      <object_component id="oc-ce">
         <name>CpuTimer0RegsFile</name>
         <uninitialized>true</uninitialized>
         <run_address>0xc00</run_address>
         <size>0x8</size>
         <input_file_ref idref="fl-19"/>
      </object_component>
      <object_component id="oc-cf">
         <name>CpuTimer1RegsFile</name>
         <uninitialized>true</uninitialized>
         <run_address>0xc08</run_address>
         <size>0x8</size>
         <input_file_ref idref="fl-19"/>
      </object_component>
      <object_component id="oc-d0">
         <name>CpuTimer2RegsFile</name>
         <uninitialized>true</uninitialized>
         <run_address>0xc10</run_address>
         <size>0x8</size>
         <input_file_ref idref="fl-19"/>
      </object_component>
      <object_component id="oc-db">
         <name>PieCtrlRegsFile</name>
         <uninitialized>true</uninitialized>
         <run_address>0xce0</run_address>
         <size>0x1a</size>
         <input_file_ref idref="fl-19"/>
      </object_component>
      <object_component id="oc-fb">
         <name>DmaRegsFile</name>
         <uninitialized>true</uninitialized>
         <run_address>0x1000</run_address>
         <size>0xe0</size>
         <input_file_ref idref="fl-19"/>
      </object_component>
      <object_component id="oc-ed">
         <name>McbspaRegsFile</name>
         <uninitialized>true</uninitialized>
         <run_address>0x5000</run_address>
         <size>0x25</size>
         <input_file_ref idref="fl-19"/>
      </object_component>
      <object_component id="oc-ee">
         <name>McbspbRegsFile</name>
         <uninitialized>true</uninitialized>
         <run_address>0x5040</run_address>
         <size>0x25</size>
         <input_file_ref idref="fl-19"/>
      </object_component>
      <object_component id="oc-f0">
         <name>ECanaRegsFile</name>
         <uninitialized>true</uninitialized>
         <run_address>0x6000</run_address>
         <size>0x34</size>
         <input_file_ref idref="fl-19"/>
      </object_component>
      <object_component id="oc-f2">
         <name>ECanaLAMRegsFile</name>
         <uninitialized>true</uninitialized>
         <run_address>0x6040</run_address>
         <size>0x40</size>
         <input_file_ref idref="fl-19"/>
      </object_component>
      <object_component id="oc-fc">
         <name>ECanaMboxesFile</name>
         <uninitialized>true</uninitialized>
         <run_address>0x6100</run_address>
         <size>0x100</size>
         <input_file_ref idref="fl-19"/>
      </object_component>
      <object_component id="oc-f3">
         <name>ECanaMOTSRegsFile</name>
         <uninitialized>true</uninitialized>
         <run_address>0x6080</run_address>
         <size>0x40</size>
         <input_file_ref idref="fl-19"/>
      </object_component>
      <object_component id="oc-f4">
         <name>ECanaMOTORegsFile</name>
         <uninitialized>true</uninitialized>
         <run_address>0x60c0</run_address>
         <size>0x40</size>
         <input_file_ref idref="fl-19"/>
      </object_component>
      <object_component id="oc-f1">
         <name>ECanbRegsFile</name>
         <uninitialized>true</uninitialized>
         <run_address>0x6200</run_address>
         <size>0x34</size>
         <input_file_ref idref="fl-19"/>
      </object_component>
      <object_component id="oc-f5">
         <name>ECanbLAMRegsFile</name>
         <uninitialized>true</uninitialized>
         <run_address>0x6240</run_address>
         <size>0x40</size>
         <input_file_ref idref="fl-19"/>
      </object_component>
      <object_component id="oc-fd">
         <name>ECanbMboxesFile</name>
         <uninitialized>true</uninitialized>
         <run_address>0x6300</run_address>
         <size>0x100</size>
         <input_file_ref idref="fl-19"/>
      </object_component>
      <object_component id="oc-f6">
         <name>ECanbMOTSRegsFile</name>
         <uninitialized>true</uninitialized>
         <run_address>0x6280</run_address>
         <size>0x40</size>
         <input_file_ref idref="fl-19"/>
      </object_component>
      <object_component id="oc-f7">
         <name>ECanbMOTORegsFile</name>
         <uninitialized>true</uninitialized>
         <run_address>0x62c0</run_address>
         <size>0x40</size>
         <input_file_ref idref="fl-19"/>
      </object_component>
      <object_component id="oc-e6">
         <name>EPwm1RegsFile</name>
         <uninitialized>true</uninitialized>
         <run_address>0x6800</run_address>
         <size>0x22</size>
         <input_file_ref idref="fl-19"/>
      </object_component>
      <object_component id="oc-e7">
         <name>EPwm2RegsFile</name>
         <uninitialized>true</uninitialized>
         <run_address>0x6840</run_address>
         <size>0x22</size>
         <input_file_ref idref="fl-19"/>
      </object_component>
      <object_component id="oc-e8">
         <name>EPwm3RegsFile</name>
         <uninitialized>true</uninitialized>
         <run_address>0x6880</run_address>
         <size>0x22</size>
         <input_file_ref idref="fl-19"/>
      </object_component>
      <object_component id="oc-e9">
         <name>EPwm4RegsFile</name>
         <uninitialized>true</uninitialized>
         <run_address>0x68c0</run_address>
         <size>0x22</size>
         <input_file_ref idref="fl-19"/>
      </object_component>
      <object_component id="oc-ea">
         <name>EPwm5RegsFile</name>
         <uninitialized>true</uninitialized>
         <run_address>0x6900</run_address>
         <size>0x22</size>
         <input_file_ref idref="fl-19"/>
      </object_component>
      <object_component id="oc-eb">
         <name>EPwm6RegsFile</name>
         <uninitialized>true</uninitialized>
         <run_address>0x6940</run_address>
         <size>0x22</size>
         <input_file_ref idref="fl-19"/>
      </object_component>
      <object_component id="oc-de">
         <name>ECap1RegsFile</name>
         <uninitialized>true</uninitialized>
         <run_address>0x6a00</run_address>
         <size>0x20</size>
         <input_file_ref idref="fl-19"/>
      </object_component>
      <object_component id="oc-df">
         <name>ECap2RegsFile</name>
         <uninitialized>true</uninitialized>
         <run_address>0x6a20</run_address>
         <size>0x20</size>
         <input_file_ref idref="fl-19"/>
      </object_component>
      <object_component id="oc-e0">
         <name>ECap3RegsFile</name>
         <uninitialized>true</uninitialized>
         <run_address>0x6a40</run_address>
         <size>0x20</size>
         <input_file_ref idref="fl-19"/>
      </object_component>
      <object_component id="oc-e1">
         <name>ECap4RegsFile</name>
         <uninitialized>true</uninitialized>
         <run_address>0x6a60</run_address>
         <size>0x20</size>
         <input_file_ref idref="fl-19"/>
      </object_component>
      <object_component id="oc-e2">
         <name>ECap5RegsFile</name>
         <uninitialized>true</uninitialized>
         <run_address>0x6a80</run_address>
         <size>0x20</size>
         <input_file_ref idref="fl-19"/>
      </object_component>
      <object_component id="oc-e3">
         <name>ECap6RegsFile</name>
         <uninitialized>true</uninitialized>
         <run_address>0x6aa0</run_address>
         <size>0x20</size>
         <input_file_ref idref="fl-19"/>
      </object_component>
      <object_component id="oc-f8">
         <name>EQep1RegsFile</name>
         <uninitialized>true</uninitialized>
         <run_address>0x6b00</run_address>
         <size>0x40</size>
         <input_file_ref idref="fl-19"/>
      </object_component>
      <object_component id="oc-f9">
         <name>EQep2RegsFile</name>
         <uninitialized>true</uninitialized>
         <run_address>0x6b40</run_address>
         <size>0x40</size>
         <input_file_ref idref="fl-19"/>
      </object_component>
      <object_component id="oc-ef">
         <name>GpioCtrlRegsFile</name>
         <uninitialized>true</uninitialized>
         <run_address>0x6f80</run_address>
         <size>0x2e</size>
         <input_file_ref idref="fl-19"/>
      </object_component>
      <object_component id="oc-e4">
         <name>GpioDataRegsFile</name>
         <uninitialized>true</uninitialized>
         <run_address>0x6fc0</run_address>
         <size>0x20</size>
         <input_file_ref idref="fl-19"/>
      </object_component>
      <object_component id="oc-d3">
         <name>GpioIntRegsFile</name>
         <uninitialized>true</uninitialized>
         <run_address>0x6fe0</run_address>
         <size>0xa</size>
         <input_file_ref idref="fl-19"/>
      </object_component>
      <object_component id="oc-e5">
         <name>SysCtrlRegsFile</name>
         <uninitialized>true</uninitialized>
         <run_address>0x7010</run_address>
         <size>0x20</size>
         <input_file_ref idref="fl-19"/>
      </object_component>
      <object_component id="oc-d9">
         <name>SpiaRegsFile</name>
         <uninitialized>true</uninitialized>
         <run_address>0x7040</run_address>
         <size>0x10</size>
         <input_file_ref idref="fl-19"/>
      </object_component>
      <object_component id="oc-d6">
         <name>SciaRegsFile</name>
         <uninitialized>true</uninitialized>
         <run_address>0x7050</run_address>
         <size>0x10</size>
         <input_file_ref idref="fl-19"/>
      </object_component>
      <object_component id="oc-da">
         <name>XIntruptRegsFile</name>
         <uninitialized>true</uninitialized>
         <run_address>0x7070</run_address>
         <size>0x10</size>
         <input_file_ref idref="fl-19"/>
      </object_component>
      <object_component id="oc-dc">
         <name>AdcRegsFile</name>
         <uninitialized>true</uninitialized>
         <run_address>0x7100</run_address>
         <size>0x1e</size>
         <input_file_ref idref="fl-19"/>
      </object_component>
      <object_component id="oc-d7">
         <name>ScibRegsFile</name>
         <uninitialized>true</uninitialized>
         <run_address>0x7750</run_address>
         <size>0x10</size>
         <input_file_ref idref="fl-19"/>
      </object_component>
      <object_component id="oc-d8">
         <name>ScicRegsFile</name>
         <uninitialized>true</uninitialized>
         <run_address>0x7770</run_address>
         <size>0x10</size>
         <input_file_ref idref="fl-19"/>
      </object_component>
      <object_component id="oc-ec">
         <name>I2caRegsFile</name>
         <uninitialized>true</uninitialized>
         <run_address>0x7900</run_address>
         <size>0x22</size>
         <input_file_ref idref="fl-19"/>
      </object_component>
      <object_component id="oc-d1">
         <name>CsmPwlFile</name>
         <uninitialized>true</uninitialized>
         <run_address>0x33fff8</run_address>
         <size>0x8</size>
         <input_file_ref idref="fl-19"/>
      </object_component>
      <object_component id="oc-cd">
         <name>PartIdRegsFile</name>
         <uninitialized>true</uninitialized>
         <run_address>0x380090</run_address>
         <size>0x1</size>
         <input_file_ref idref="fl-19"/>
      </object_component>
      <object_component id="oc-c0">
         <name>.cinit</name>
         <load_address>0x33983c</load_address>
         <run_address>0x33983c</run_address>
         <size>0x2c</size>
         <input_file_ref idref="fl-17"/>
      </object_component>
      <object_component id="oc-15c">
         <name>.cinit</name>
         <load_address>0x339868</load_address>
         <run_address>0x339868</run_address>
         <size>0xe</size>
         <input_file_ref idref="fl-3c"/>
      </object_component>
      <object_component id="oc-82">
         <name>.cinit</name>
         <load_address>0x339876</load_address>
         <run_address>0x339876</run_address>
         <size>0x8</size>
         <input_file_ref idref="fl-c"/>
      </object_component>
      <object_component id="oc-178">
         <name>.cinit:__lock</name>
         <load_address>0x33987e</load_address>
         <run_address>0x33987e</run_address>
         <size>0x5</size>
         <input_file_ref idref="fl-3d"/>
      </object_component>
      <object_component id="oc-185">
         <name>.cinit:__unlock</name>
         <load_address>0x339883</load_address>
         <run_address>0x339883</run_address>
         <size>0x5</size>
         <input_file_ref idref="fl-3d"/>
      </object_component>
      <object_component id="oc-18b">
         <name>.text</name>
         <load_address>0x338000</load_address>
         <run_address>0x338000</run_address>
         <size>0x3e9</size>
         <input_file_ref idref="fl-16"/>
      </object_component>
      <object_component id="oc-c2">
         <name>.text:retain</name>
         <load_address>0x3383e9</load_address>
         <run_address>0x3383e9</run_address>
         <size>0x36d</size>
         <input_file_ref idref="fl-17"/>
      </object_component>
      <object_component id="oc-173">
         <name>.text</name>
         <load_address>0x338756</load_address>
         <run_address>0x338756</run_address>
         <size>0x324</size>
         <input_file_ref idref="fl-c"/>
      </object_component>
      <object_component id="oc-172">
         <name>.text</name>
         <load_address>0x338a7a</load_address>
         <run_address>0x338a7a</run_address>
         <size>0x262</size>
         <input_file_ref idref="fl-7"/>
      </object_component>
      <object_component id="oc-171">
         <name>.text</name>
         <load_address>0x338cdc</load_address>
         <run_address>0x338cdc</run_address>
         <size>0x138</size>
         <input_file_ref idref="fl-5"/>
      </object_component>
      <object_component id="oc-189">
         <name>.text</name>
         <load_address>0x338e14</load_address>
         <run_address>0x338e14</run_address>
         <size>0xf1</size>
         <input_file_ref idref="fl-21"/>
      </object_component>
      <object_component id="oc-17d">
         <name>.text</name>
         <load_address>0x338f05</load_address>
         <run_address>0x338f05</run_address>
         <size>0xe0</size>
         <input_file_ref idref="fl-20"/>
      </object_component>
      <object_component id="oc-17b">
         <name>.text</name>
         <load_address>0x338fe5</load_address>
         <run_address>0x338fe5</run_address>
         <size>0xd8</size>
         <input_file_ref idref="fl-d"/>
      </object_component>
      <object_component id="oc-183">
         <name>.text</name>
         <load_address>0x3390bd</load_address>
         <run_address>0x3390bd</run_address>
         <size>0xbf</size>
         <input_file_ref idref="fl-e"/>
      </object_component>
      <object_component id="oc-186">
         <name>.text</name>
         <load_address>0x33917c</load_address>
         <run_address>0x33917c</run_address>
         <size>0xbc</size>
         <input_file_ref idref="fl-18"/>
      </object_component>
      <object_component id="oc-8f">
         <name>.text:retain</name>
         <load_address>0x339238</load_address>
         <run_address>0x339238</run_address>
         <size>0x91</size>
         <input_file_ref idref="fl-e"/>
      </object_component>
      <object_component id="oc-176">
         <name>.text</name>
         <load_address>0x3392c9</load_address>
         <run_address>0x3392c9</run_address>
         <size>0x8d</size>
         <input_file_ref idref="fl-2"/>
      </object_component>
      <object_component id="oc-13d">
         <name>.text</name>
         <load_address>0x339356</load_address>
         <run_address>0x339356</run_address>
         <size>0x88</size>
         <input_file_ref idref="fl-36"/>
      </object_component>
      <object_component id="oc-181">
         <name>.text</name>
         <load_address>0x3393de</load_address>
         <run_address>0x3393de</run_address>
         <size>0x73</size>
         <input_file_ref idref="fl-15"/>
      </object_component>
      <object_component id="oc-179">
         <name>.text</name>
         <load_address>0x339451</load_address>
         <run_address>0x339451</run_address>
         <size>0x63</size>
         <input_file_ref idref="fl-33"/>
      </object_component>
      <object_component id="oc-17a">
         <name>.text</name>
         <load_address>0x3394b4</load_address>
         <run_address>0x3394b4</run_address>
         <size>0x59</size>
         <input_file_ref idref="fl-34"/>
      </object_component>
      <object_component id="oc-4d">
         <name>.text</name>
         <load_address>0x33950d</load_address>
         <run_address>0x33950d</run_address>
         <size>0x56</size>
         <input_file_ref idref="fl-35"/>
      </object_component>
      <object_component id="oc-182">
         <name>.text</name>
         <load_address>0x339563</load_address>
         <run_address>0x339563</run_address>
         <size>0x42</size>
         <input_file_ref idref="fl-11"/>
      </object_component>
      <object_component id="oc-95">
         <name>.text:retain</name>
         <load_address>0x3395a5</load_address>
         <run_address>0x3395a5</run_address>
         <size>0x3a</size>
         <input_file_ref idref="fl-f"/>
      </object_component>
      <object_component id="oc-17c">
         <name>.text</name>
         <load_address>0x3395df</load_address>
         <run_address>0x3395df</run_address>
         <size>0x35</size>
         <input_file_ref idref="fl-f"/>
      </object_component>
      <object_component id="oc-170">
         <name>.text</name>
         <load_address>0x339614</load_address>
         <run_address>0x339614</run_address>
         <size>0x29</size>
         <input_file_ref idref="fl-3c"/>
      </object_component>
      <object_component id="oc-17e">
         <name>.text</name>
         <load_address>0x33963d</load_address>
         <run_address>0x33963d</run_address>
         <size>0x28</size>
         <input_file_ref idref="fl-1c"/>
      </object_component>
      <object_component id="oc-16d">
         <name>.text</name>
         <load_address>0x339665</load_address>
         <run_address>0x339665</run_address>
         <size>0x24</size>
         <input_file_ref idref="fl-38"/>
      </object_component>
      <object_component id="oc-17f">
         <name>.text</name>
         <load_address>0x339689</load_address>
         <run_address>0x339689</run_address>
         <size>0x20</size>
         <input_file_ref idref="fl-1d"/>
      </object_component>
      <object_component id="oc-175">
         <name>.text</name>
         <load_address>0x3396a9</load_address>
         <run_address>0x3396a9</run_address>
         <size>0x1d</size>
         <input_file_ref idref="fl-39"/>
      </object_component>
      <object_component id="oc-187">
         <name>.text</name>
         <load_address>0x3396c6</load_address>
         <run_address>0x3396c6</run_address>
         <size>0x18</size>
         <input_file_ref idref="fl-1e"/>
      </object_component>
      <object_component id="oc-174">
         <name>.text</name>
         <load_address>0x3396de</load_address>
         <run_address>0x3396de</run_address>
         <size>0x18</size>
         <input_file_ref idref="fl-8"/>
      </object_component>
      <object_component id="oc-18a">
         <name>.text</name>
         <load_address>0x3396f6</load_address>
         <run_address>0x3396f6</run_address>
         <size>0x14</size>
         <input_file_ref idref="fl-13"/>
      </object_component>
      <object_component id="oc-16f">
         <name>.text</name>
         <load_address>0x33970a</load_address>
         <run_address>0x33970a</run_address>
         <size>0x12</size>
         <input_file_ref idref="fl-3e"/>
      </object_component>
      <object_component id="oc-142">
         <name>.text</name>
         <load_address>0x33971c</load_address>
         <run_address>0x33971c</run_address>
         <size>0xb</size>
         <input_file_ref idref="fl-37"/>
      </object_component>
      <object_component id="oc-184">
         <name>.text</name>
         <load_address>0x339727</load_address>
         <run_address>0x339727</run_address>
         <size>0x9</size>
         <input_file_ref idref="fl-3d"/>
      </object_component>
      <object_component id="oc-ae">
         <name>.text</name>
         <load_address>0x339730</load_address>
         <run_address>0x339730</run_address>
         <size>0x8</size>
         <input_file_ref idref="fl-14"/>
      </object_component>
      <object_component id="oc-16c">
         <name>.text</name>
         <load_address>0x339738</load_address>
         <run_address>0x339738</run_address>
         <size>0x2</size>
         <input_file_ref idref="fl-3a"/>
      </object_component>
      <object_component id="oc-16e">
         <name>.text</name>
         <load_address>0x33973a</load_address>
         <run_address>0x33973a</run_address>
         <size>0x1</size>
         <input_file_ref idref="fl-3b"/>
      </object_component>
      <object_component id="oc-af">
         <name>codestart</name>
         <load_address>0x33fff6</load_address>
         <run_address>0x33fff6</run_address>
         <size>0x2</size>
         <input_file_ref idref="fl-14"/>
      </object_component>
      <object_component id="oc-180">
         <name>ramfuncs</name>
         <load_address>0x320000</load_address>
         <run_address>0x8000</run_address>
         <size>0x1b</size>
         <input_file_ref idref="fl-20"/>
      </object_component>
      <object_component id="oc-128">
         <name>ramfuncs</name>
         <load_address>0x32001b</load_address>
         <run_address>0x801b</run_address>
         <size>0x4</size>
         <input_file_ref idref="fl-22"/>
      </object_component>
      <object_component id="oc-137">
         <name>.stack</name>
         <uninitialized>true</uninitialized>
         <run_address>0x400</run_address>
         <size>0x0</size>
         <input_file_ref idref="fl-35"/>
      </object_component>
      <object_component id="oc-1e4">
         <name>.stack</name>
         <uninitialized>true</uninitialized>
         <run_address>0x400</run_address>
         <size>0x0</size>
      </object_component>
      <object_component id="oc-59">
         <name>.ebss</name>
         <uninitialized>true</uninitialized>
         <run_address>0xc1c0</run_address>
         <size>0x38</size>
         <input_file_ref idref="fl-4"/>
      </object_component>
      <object_component id="oc-83">
         <name>.ebss</name>
         <uninitialized>true</uninitialized>
         <run_address>0xc000</run_address>
         <size>0x1a7</size>
         <input_file_ref idref="fl-c"/>
      </object_component>
      <object_component id="oc-8e">
         <name>.ebss</name>
         <uninitialized>true</uninitialized>
         <run_address>0xc224</run_address>
         <size>0x4</size>
         <input_file_ref idref="fl-e"/>
      </object_component>
      <object_component id="oc-b5">
         <name>.ebss</name>
         <uninitialized>true</uninitialized>
         <run_address>0xc1a8</run_address>
         <size>0x18</size>
         <input_file_ref idref="fl-15"/>
      </object_component>
      <object_component id="oc-c1">
         <name>.ebss</name>
         <uninitialized>true</uninitialized>
         <run_address>0xc200</run_address>
         <size>0x1e</size>
         <input_file_ref idref="fl-17"/>
      </object_component>
      <object_component id="oc-18c">
         <name>.ebss:_DMABuf1</name>
         <uninitialized>true</uninitialized>
         <run_address>0xc21e</run_address>
         <size>0x5</size>
         <input_file_ref idref="fl-17"/>
      </object_component>
      <object_component id="oc-15d">
         <name>.ebss</name>
         <uninitialized>true</uninitialized>
         <run_address>0xc1f8</run_address>
         <size>0x6</size>
         <input_file_ref idref="fl-3c"/>
      </object_component>
      <object_component id="oc-177">
         <name>.ebss:__lock</name>
         <uninitialized>true</uninitialized>
         <run_address>0xc1fe</run_address>
         <size>0x2</size>
         <input_file_ref idref="fl-3d"/>
      </object_component>
      <object_component id="oc-18d">
         <name>.ebss:__unlock</name>
         <uninitialized>true</uninitialized>
         <run_address>0xc228</run_address>
         <size>0x2</size>
         <input_file_ref idref="fl-3d"/>
      </object_component>
      <object_component id="oc-188">
         <name>.econst:_PieVectTableInit</name>
         <load_address>0x33973c</load_address>
         <run_address>0x33973c</run_address>
         <size>0x100</size>
         <input_file_ref idref="fl-1d"/>
      </object_component>
      <object_component id="oc-138">
         <name>.reset</name>
         <load_address>0x3fffc0</load_address>
         <run_address>0x3fffc0</run_address>
         <size>0x2</size>
         <input_file_ref idref="fl-35"/>
      </object_component>
      <object_component id="oc-a4">
         <name>.adc_cal</name>
         <load_address>0x380080</load_address>
         <run_address>0x380080</run_address>
         <size>0x7</size>
         <input_file_ref idref="fl-12"/>
      </object_component>
      <object_component id="oc-4e">
         <name>.debug_info</name>
         <load_address>0x0</load_address>
         <run_address>0x0</run_address>
         <size>0x1637</size>
         <input_file_ref idref="fl-2"/>
      </object_component>
      <object_component id="oc-53">
         <name>.debug_info</name>
         <load_address>0x1637</load_address>
         <run_address>0x1637</run_address>
         <size>0x331</size>
         <input_file_ref idref="fl-3"/>
      </object_component>
      <object_component id="oc-58">
         <name>.debug_info</name>
         <load_address>0x1968</load_address>
         <run_address>0x1968</run_address>
         <size>0x59c</size>
         <input_file_ref idref="fl-4"/>
      </object_component>
      <object_component id="oc-5e">
         <name>.debug_info</name>
         <load_address>0x1f04</load_address>
         <run_address>0x1f04</run_address>
         <size>0x2804</size>
         <input_file_ref idref="fl-5"/>
      </object_component>
      <object_component id="oc-63">
         <name>.debug_info</name>
         <load_address>0x4708</load_address>
         <run_address>0x4708</run_address>
         <size>0x2050</size>
         <input_file_ref idref="fl-6"/>
      </object_component>
      <object_component id="oc-68">
         <name>.debug_info</name>
         <load_address>0x6758</load_address>
         <run_address>0x6758</run_address>
         <size>0x9e2</size>
         <input_file_ref idref="fl-7"/>
      </object_component>
      <object_component id="oc-6d">
         <name>.debug_info</name>
         <load_address>0x713a</load_address>
         <run_address>0x713a</run_address>
         <size>0x1dd8</size>
         <input_file_ref idref="fl-8"/>
      </object_component>
      <object_component id="oc-72">
         <name>.debug_info</name>
         <load_address>0x8f12</load_address>
         <run_address>0x8f12</run_address>
         <size>0x46f</size>
         <input_file_ref idref="fl-9"/>
      </object_component>
      <object_component id="oc-77">
         <name>.debug_info</name>
         <load_address>0x9381</load_address>
         <run_address>0x9381</run_address>
         <size>0x1cf5</size>
         <input_file_ref idref="fl-a"/>
      </object_component>
      <object_component id="oc-7c">
         <name>.debug_info</name>
         <load_address>0xb076</load_address>
         <run_address>0xb076</run_address>
         <size>0x318</size>
         <input_file_ref idref="fl-b"/>
      </object_component>
      <object_component id="oc-81">
         <name>.debug_info</name>
         <load_address>0xb38e</load_address>
         <run_address>0xb38e</run_address>
         <size>0x1524</size>
         <input_file_ref idref="fl-c"/>
      </object_component>
      <object_component id="oc-88">
         <name>.debug_info</name>
         <load_address>0xc8b2</load_address>
         <run_address>0xc8b2</run_address>
         <size>0x350e</size>
         <input_file_ref idref="fl-d"/>
      </object_component>
      <object_component id="oc-8d">
         <name>.debug_info</name>
         <load_address>0xfdc0</load_address>
         <run_address>0xfdc0</run_address>
         <size>0x55ec</size>
         <input_file_ref idref="fl-e"/>
      </object_component>
      <object_component id="oc-94">
         <name>.debug_info</name>
         <load_address>0x153ac</load_address>
         <run_address>0x153ac</run_address>
         <size>0x2549</size>
         <input_file_ref idref="fl-f"/>
      </object_component>
      <object_component id="oc-9a">
         <name>.debug_info</name>
         <load_address>0x178f5</load_address>
         <run_address>0x178f5</run_address>
         <size>0xb59</size>
         <input_file_ref idref="fl-10"/>
      </object_component>
      <object_component id="oc-9f">
         <name>.debug_info</name>
         <load_address>0x1844e</load_address>
         <run_address>0x1844e</run_address>
         <size>0x98d</size>
         <input_file_ref idref="fl-11"/>
      </object_component>
      <object_component id="oc-a6">
         <name>.debug_info</name>
         <load_address>0x18ddb</load_address>
         <run_address>0x18ddb</run_address>
         <size>0xec</size>
         <input_file_ref idref="fl-12"/>
      </object_component>
      <object_component id="oc-a9">
         <name>.debug_info</name>
         <load_address>0x18ec7</load_address>
         <run_address>0x18ec7</run_address>
         <size>0x1eda</size>
         <input_file_ref idref="fl-13"/>
      </object_component>
      <object_component id="oc-b1">
         <name>.debug_info</name>
         <load_address>0x1ada1</load_address>
         <run_address>0x1ada1</run_address>
         <size>0x127</size>
         <input_file_ref idref="fl-14"/>
      </object_component>
      <object_component id="oc-b4">
         <name>.debug_info</name>
         <load_address>0x1aec8</load_address>
         <run_address>0x1aec8</run_address>
         <size>0x970</size>
         <input_file_ref idref="fl-15"/>
      </object_component>
      <object_component id="oc-ba">
         <name>.debug_info</name>
         <load_address>0x1b838</load_address>
         <run_address>0x1b838</run_address>
         <size>0x3c85</size>
         <input_file_ref idref="fl-16"/>
      </object_component>
      <object_component id="oc-bf">
         <name>.debug_info</name>
         <load_address>0x1f4bd</load_address>
         <run_address>0x1f4bd</run_address>
         <size>0x3ca9</size>
         <input_file_ref idref="fl-17"/>
      </object_component>
      <object_component id="oc-c7">
         <name>.debug_info</name>
         <load_address>0x23166</load_address>
         <run_address>0x23166</run_address>
         <size>0x32bc</size>
         <input_file_ref idref="fl-18"/>
      </object_component>
      <object_component id="oc-cc">
         <name>.debug_info</name>
         <load_address>0x26422</load_address>
         <run_address>0x26422</run_address>
         <size>0x1341b</size>
         <input_file_ref idref="fl-19"/>
      </object_component>
      <object_component id="oc-100">
         <name>.debug_info</name>
         <load_address>0x3983d</load_address>
         <run_address>0x3983d</run_address>
         <size>0x1b64</size>
         <input_file_ref idref="fl-1a"/>
      </object_component>
      <object_component id="oc-105">
         <name>.debug_info</name>
         <load_address>0x3b3a1</load_address>
         <run_address>0x3b3a1</run_address>
         <size>0x32f</size>
         <input_file_ref idref="fl-1b"/>
      </object_component>
      <object_component id="oc-10a">
         <name>.debug_info</name>
         <load_address>0x3b6d0</load_address>
         <run_address>0x3b6d0</run_address>
         <size>0xb18</size>
         <input_file_ref idref="fl-1c"/>
      </object_component>
      <object_component id="oc-10f">
         <name>.debug_info</name>
         <load_address>0x3c1e8</load_address>
         <run_address>0x3c1e8</run_address>
         <size>0x229c</size>
         <input_file_ref idref="fl-1d"/>
      </object_component>
      <object_component id="oc-114">
         <name>.debug_info</name>
         <load_address>0x3e484</load_address>
         <run_address>0x3e484</run_address>
         <size>0x1c8e</size>
         <input_file_ref idref="fl-1e"/>
      </object_component>
      <object_component id="oc-119">
         <name>.debug_info</name>
         <load_address>0x40112</load_address>
         <run_address>0x40112</run_address>
         <size>0x1b63</size>
         <input_file_ref idref="fl-1f"/>
      </object_component>
      <object_component id="oc-11e">
         <name>.debug_info</name>
         <load_address>0x41c75</load_address>
         <run_address>0x41c75</run_address>
         <size>0x20b4</size>
         <input_file_ref idref="fl-20"/>
      </object_component>
      <object_component id="oc-123">
         <name>.debug_info</name>
         <load_address>0x43d29</load_address>
         <run_address>0x43d29</run_address>
         <size>0x2267</size>
         <input_file_ref idref="fl-21"/>
      </object_component>
      <object_component id="oc-12a">
         <name>.debug_info</name>
         <load_address>0x45f90</load_address>
         <run_address>0x45f90</run_address>
         <size>0xec</size>
         <input_file_ref idref="fl-22"/>
      </object_component>
      <object_component id="oc-12d">
         <name>.debug_info</name>
         <load_address>0x4607c</load_address>
         <run_address>0x4607c</run_address>
         <size>0x3cf</size>
         <input_file_ref idref="fl-33"/>
      </object_component>
      <object_component id="oc-132">
         <name>.debug_info</name>
         <load_address>0x4644b</load_address>
         <run_address>0x4644b</run_address>
         <size>0x3e1</size>
         <input_file_ref idref="fl-34"/>
      </object_component>
      <object_component id="oc-139">
         <name>.debug_info</name>
         <load_address>0x4682c</load_address>
         <run_address>0x4682c</run_address>
         <size>0x173</size>
         <input_file_ref idref="fl-35"/>
      </object_component>
      <object_component id="oc-13e">
         <name>.debug_info</name>
         <load_address>0x4699f</load_address>
         <run_address>0x4699f</run_address>
         <size>0x114</size>
         <input_file_ref idref="fl-36"/>
      </object_component>
      <object_component id="oc-143">
         <name>.debug_info</name>
         <load_address>0x46ab3</load_address>
         <run_address>0x46ab3</run_address>
         <size>0x141</size>
         <input_file_ref idref="fl-37"/>
      </object_component>
      <object_component id="oc-147">
         <name>.debug_info</name>
         <load_address>0x46bf4</load_address>
         <run_address>0x46bf4</run_address>
         <size>0x561</size>
         <input_file_ref idref="fl-38"/>
      </object_component>
      <object_component id="oc-14c">
         <name>.debug_info</name>
         <load_address>0x47155</load_address>
         <run_address>0x47155</run_address>
         <size>0x43a</size>
         <input_file_ref idref="fl-39"/>
      </object_component>
      <object_component id="oc-151">
         <name>.debug_info</name>
         <load_address>0x4758f</load_address>
         <run_address>0x4758f</run_address>
         <size>0x3ad</size>
         <input_file_ref idref="fl-3a"/>
      </object_component>
      <object_component id="oc-156">
         <name>.debug_info</name>
         <load_address>0x4793c</load_address>
         <run_address>0x4793c</run_address>
         <size>0x3aa</size>
         <input_file_ref idref="fl-3b"/>
      </object_component>
      <object_component id="oc-15b">
         <name>.debug_info</name>
         <load_address>0x47ce6</load_address>
         <run_address>0x47ce6</run_address>
         <size>0x544</size>
         <input_file_ref idref="fl-3c"/>
      </object_component>
      <object_component id="oc-162">
         <name>.debug_info</name>
         <load_address>0x4822a</load_address>
         <run_address>0x4822a</run_address>
         <size>0x4cc</size>
         <input_file_ref idref="fl-3d"/>
      </object_component>
      <object_component id="oc-167">
         <name>.debug_info</name>
         <load_address>0x486f6</load_address>
         <run_address>0x486f6</run_address>
         <size>0x467</size>
         <input_file_ref idref="fl-3e"/>
      </object_component>
      <object_component id="oc-1e5">
         <name>.debug_info</name>
         <load_address>0x48b5d</load_address>
         <run_address>0x48b5d</run_address>
         <size>0x9d</size>
      </object_component>
      <object_component id="oc-4f">
         <name>.debug_frame</name>
         <load_address>0x0</load_address>
         <run_address>0x0</run_address>
         <size>0x40</size>
         <input_file_ref idref="fl-2"/>
      </object_component>
      <object_component id="oc-54">
         <name>.debug_frame</name>
         <load_address>0x40</load_address>
         <run_address>0x40</run_address>
         <size>0x28</size>
         <input_file_ref idref="fl-3"/>
      </object_component>
      <object_component id="oc-5a">
         <name>.debug_frame</name>
         <load_address>0x68</load_address>
         <run_address>0x68</run_address>
         <size>0x28</size>
         <input_file_ref idref="fl-4"/>
      </object_component>
      <object_component id="oc-5f">
         <name>.debug_frame</name>
         <load_address>0x90</load_address>
         <run_address>0x90</run_address>
         <size>0x198</size>
         <input_file_ref idref="fl-5"/>
      </object_component>
      <object_component id="oc-64">
         <name>.debug_frame</name>
         <load_address>0x228</load_address>
         <run_address>0x228</run_address>
         <size>0x28</size>
         <input_file_ref idref="fl-6"/>
      </object_component>
      <object_component id="oc-69">
         <name>.debug_frame</name>
         <load_address>0x250</load_address>
         <run_address>0x250</run_address>
         <size>0xc4</size>
         <input_file_ref idref="fl-7"/>
      </object_component>
      <object_component id="oc-6e">
         <name>.debug_frame</name>
         <load_address>0x314</load_address>
         <run_address>0x314</run_address>
         <size>0x70</size>
         <input_file_ref idref="fl-8"/>
      </object_component>
      <object_component id="oc-73">
         <name>.debug_frame</name>
         <load_address>0x384</load_address>
         <run_address>0x384</run_address>
         <size>0x28</size>
         <input_file_ref idref="fl-9"/>
      </object_component>
      <object_component id="oc-78">
         <name>.debug_frame</name>
         <load_address>0x3ac</load_address>
         <run_address>0x3ac</run_address>
         <size>0x28</size>
         <input_file_ref idref="fl-a"/>
      </object_component>
      <object_component id="oc-7d">
         <name>.debug_frame</name>
         <load_address>0x3d4</load_address>
         <run_address>0x3d4</run_address>
         <size>0x28</size>
         <input_file_ref idref="fl-b"/>
      </object_component>
      <object_component id="oc-84">
         <name>.debug_frame</name>
         <load_address>0x3fc</load_address>
         <run_address>0x3fc</run_address>
         <size>0x130</size>
         <input_file_ref idref="fl-c"/>
      </object_component>
      <object_component id="oc-89">
         <name>.debug_frame</name>
         <load_address>0x52c</load_address>
         <run_address>0x52c</run_address>
         <size>0xc8</size>
         <input_file_ref idref="fl-d"/>
      </object_component>
      <object_component id="oc-90">
         <name>.debug_frame</name>
         <load_address>0x5f4</load_address>
         <run_address>0x5f4</run_address>
         <size>0x148</size>
         <input_file_ref idref="fl-e"/>
      </object_component>
      <object_component id="oc-96">
         <name>.debug_frame</name>
         <load_address>0x73c</load_address>
         <run_address>0x73c</run_address>
         <size>0xe0</size>
         <input_file_ref idref="fl-f"/>
      </object_component>
      <object_component id="oc-9b">
         <name>.debug_frame</name>
         <load_address>0x81c</load_address>
         <run_address>0x81c</run_address>
         <size>0x28</size>
         <input_file_ref idref="fl-10"/>
      </object_component>
      <object_component id="oc-a0">
         <name>.debug_frame</name>
         <load_address>0x844</load_address>
         <run_address>0x844</run_address>
         <size>0x40</size>
         <input_file_ref idref="fl-11"/>
      </object_component>
      <object_component id="oc-aa">
         <name>.debug_frame</name>
         <load_address>0x884</load_address>
         <run_address>0x884</run_address>
         <size>0x40</size>
         <input_file_ref idref="fl-13"/>
      </object_component>
      <object_component id="oc-b6">
         <name>.debug_frame</name>
         <load_address>0x8c4</load_address>
         <run_address>0x8c4</run_address>
         <size>0x5c</size>
         <input_file_ref idref="fl-15"/>
      </object_component>
      <object_component id="oc-bb">
         <name>.debug_frame</name>
         <load_address>0x920</load_address>
         <run_address>0x920</run_address>
         <size>0x418</size>
         <input_file_ref idref="fl-16"/>
      </object_component>
      <object_component id="oc-c3">
         <name>.debug_frame</name>
         <load_address>0xd38</load_address>
         <run_address>0xd38</run_address>
         <size>0xa84</size>
         <input_file_ref idref="fl-17"/>
      </object_component>
      <object_component id="oc-c8">
         <name>.debug_frame</name>
         <load_address>0x17bc</load_address>
         <run_address>0x17bc</run_address>
         <size>0xd0</size>
         <input_file_ref idref="fl-18"/>
      </object_component>
      <object_component id="oc-101">
         <name>.debug_frame</name>
         <load_address>0x188c</load_address>
         <run_address>0x188c</run_address>
         <size>0x28</size>
         <input_file_ref idref="fl-1a"/>
      </object_component>
      <object_component id="oc-106">
         <name>.debug_frame</name>
         <load_address>0x18b4</load_address>
         <run_address>0x18b4</run_address>
         <size>0x28</size>
         <input_file_ref idref="fl-1b"/>
      </object_component>
      <object_component id="oc-10b">
         <name>.debug_frame</name>
         <load_address>0x18dc</load_address>
         <run_address>0x18dc</run_address>
         <size>0x58</size>
         <input_file_ref idref="fl-1c"/>
      </object_component>
      <object_component id="oc-110">
         <name>.debug_frame</name>
         <load_address>0x1934</load_address>
         <run_address>0x1934</run_address>
         <size>0x44</size>
         <input_file_ref idref="fl-1d"/>
      </object_component>
      <object_component id="oc-115">
         <name>.debug_frame</name>
         <load_address>0x1978</load_address>
         <run_address>0x1978</run_address>
         <size>0x70</size>
         <input_file_ref idref="fl-1e"/>
      </object_component>
      <object_component id="oc-11a">
         <name>.debug_frame</name>
         <load_address>0x19e8</load_address>
         <run_address>0x19e8</run_address>
         <size>0x28</size>
         <input_file_ref idref="fl-1f"/>
      </object_component>
      <object_component id="oc-11f">
         <name>.debug_frame</name>
         <load_address>0x1a10</load_address>
         <run_address>0x1a10</run_address>
         <size>0xd8</size>
         <input_file_ref idref="fl-20"/>
      </object_component>
      <object_component id="oc-124">
         <name>.debug_frame</name>
         <load_address>0x1ae8</load_address>
         <run_address>0x1ae8</run_address>
         <size>0x70</size>
         <input_file_ref idref="fl-21"/>
      </object_component>
      <object_component id="oc-12e">
         <name>.debug_frame</name>
         <load_address>0x1b58</load_address>
         <run_address>0x1b58</run_address>
         <size>0x44</size>
         <input_file_ref idref="fl-33"/>
      </object_component>
      <object_component id="oc-133">
         <name>.debug_frame</name>
         <load_address>0x1b9c</load_address>
         <run_address>0x1b9c</run_address>
         <size>0x44</size>
         <input_file_ref idref="fl-34"/>
      </object_component>
      <object_component id="oc-148">
         <name>.debug_frame</name>
         <load_address>0x1be0</load_address>
         <run_address>0x1be0</run_address>
         <size>0x60</size>
         <input_file_ref idref="fl-38"/>
      </object_component>
      <object_component id="oc-14d">
         <name>.debug_frame</name>
         <load_address>0x1c40</load_address>
         <run_address>0x1c40</run_address>
         <size>0x40</size>
         <input_file_ref idref="fl-39"/>
      </object_component>
      <object_component id="oc-152">
         <name>.debug_frame</name>
         <load_address>0x1c80</load_address>
         <run_address>0x1c80</run_address>
         <size>0x40</size>
         <input_file_ref idref="fl-3a"/>
      </object_component>
      <object_component id="oc-157">
         <name>.debug_frame</name>
         <load_address>0x1cc0</load_address>
         <run_address>0x1cc0</run_address>
         <size>0x40</size>
         <input_file_ref idref="fl-3b"/>
      </object_component>
      <object_component id="oc-15e">
         <name>.debug_frame</name>
         <load_address>0x1d00</load_address>
         <run_address>0x1d00</run_address>
         <size>0x60</size>
         <input_file_ref idref="fl-3c"/>
      </object_component>
      <object_component id="oc-163">
         <name>.debug_frame</name>
         <load_address>0x1d60</load_address>
         <run_address>0x1d60</run_address>
         <size>0x70</size>
         <input_file_ref idref="fl-3d"/>
      </object_component>
      <object_component id="oc-168">
         <name>.debug_frame</name>
         <load_address>0x1dd0</load_address>
         <run_address>0x1dd0</run_address>
         <size>0x40</size>
         <input_file_ref idref="fl-3e"/>
      </object_component>
      <object_component id="oc-50">
         <name>.debug_line</name>
         <load_address>0x0</load_address>
         <run_address>0x0</run_address>
         <size>0x8d</size>
         <input_file_ref idref="fl-2"/>
      </object_component>
      <object_component id="oc-55">
         <name>.debug_line</name>
         <load_address>0x8d</load_address>
         <run_address>0x8d</run_address>
         <size>0x30</size>
         <input_file_ref idref="fl-3"/>
      </object_component>
      <object_component id="oc-5b">
         <name>.debug_line</name>
         <load_address>0xbd</load_address>
         <run_address>0xbd</run_address>
         <size>0x34</size>
         <input_file_ref idref="fl-4"/>
      </object_component>
      <object_component id="oc-60">
         <name>.debug_line</name>
         <load_address>0xf1</load_address>
         <run_address>0xf1</run_address>
         <size>0x1d4</size>
         <input_file_ref idref="fl-5"/>
      </object_component>
      <object_component id="oc-65">
         <name>.debug_line</name>
         <load_address>0x2c5</load_address>
         <run_address>0x2c5</run_address>
         <size>0x3e</size>
         <input_file_ref idref="fl-6"/>
      </object_component>
      <object_component id="oc-6a">
         <name>.debug_line</name>
         <load_address>0x303</load_address>
         <run_address>0x303</run_address>
         <size>0x12f</size>
         <input_file_ref idref="fl-7"/>
      </object_component>
      <object_component id="oc-6f">
         <name>.debug_line</name>
         <load_address>0x432</load_address>
         <run_address>0x432</run_address>
         <size>0x7b</size>
         <input_file_ref idref="fl-8"/>
      </object_component>
      <object_component id="oc-74">
         <name>.debug_line</name>
         <load_address>0x4ad</load_address>
         <run_address>0x4ad</run_address>
         <size>0x30</size>
         <input_file_ref idref="fl-9"/>
      </object_component>
      <object_component id="oc-79">
         <name>.debug_line</name>
         <load_address>0x4dd</load_address>
         <run_address>0x4dd</run_address>
         <size>0x32</size>
         <input_file_ref idref="fl-a"/>
      </object_component>
      <object_component id="oc-7e">
         <name>.debug_line</name>
         <load_address>0x50f</load_address>
         <run_address>0x50f</run_address>
         <size>0x36</size>
         <input_file_ref idref="fl-b"/>
      </object_component>
      <object_component id="oc-85">
         <name>.debug_line</name>
         <load_address>0x545</load_address>
         <run_address>0x545</run_address>
         <size>0x319</size>
         <input_file_ref idref="fl-c"/>
      </object_component>
      <object_component id="oc-8a">
         <name>.debug_line</name>
         <load_address>0x85e</load_address>
         <run_address>0x85e</run_address>
         <size>0x109</size>
         <input_file_ref idref="fl-d"/>
      </object_component>
      <object_component id="oc-91">
         <name>.debug_line</name>
         <load_address>0x967</load_address>
         <run_address>0x967</run_address>
         <size>0x12f</size>
         <input_file_ref idref="fl-e"/>
      </object_component>
      <object_component id="oc-97">
         <name>.debug_line</name>
         <load_address>0xa96</load_address>
         <run_address>0xa96</run_address>
         <size>0xa4</size>
         <input_file_ref idref="fl-f"/>
      </object_component>
      <object_component id="oc-9c">
         <name>.debug_line</name>
         <load_address>0xb3a</load_address>
         <run_address>0xb3a</run_address>
         <size>0x39</size>
         <input_file_ref idref="fl-10"/>
      </object_component>
      <object_component id="oc-a1">
         <name>.debug_line</name>
         <load_address>0xb73</load_address>
         <run_address>0xb73</run_address>
         <size>0x75</size>
         <input_file_ref idref="fl-11"/>
      </object_component>
      <object_component id="oc-a5">
         <name>.debug_line</name>
         <load_address>0xbe8</load_address>
         <run_address>0xbe8</run_address>
         <size>0x4d</size>
         <input_file_ref idref="fl-12"/>
      </object_component>
      <object_component id="oc-ab">
         <name>.debug_line</name>
         <load_address>0xc35</load_address>
         <run_address>0xc35</run_address>
         <size>0x55</size>
         <input_file_ref idref="fl-13"/>
      </object_component>
      <object_component id="oc-b0">
         <name>.debug_line</name>
         <load_address>0xc8a</load_address>
         <run_address>0xc8a</run_address>
         <size>0x65</size>
         <input_file_ref idref="fl-14"/>
      </object_component>
      <object_component id="oc-b7">
         <name>.debug_line</name>
         <load_address>0xcef</load_address>
         <run_address>0xcef</run_address>
         <size>0x88</size>
         <input_file_ref idref="fl-15"/>
      </object_component>
      <object_component id="oc-bc">
         <name>.debug_line</name>
         <load_address>0xd77</load_address>
         <run_address>0xd77</run_address>
         <size>0x4bf</size>
         <input_file_ref idref="fl-16"/>
      </object_component>
      <object_component id="oc-c4">
         <name>.debug_line</name>
         <load_address>0x1236</load_address>
         <run_address>0x1236</run_address>
         <size>0x771</size>
         <input_file_ref idref="fl-17"/>
      </object_component>
      <object_component id="oc-c9">
         <name>.debug_line</name>
         <load_address>0x19a7</load_address>
         <run_address>0x19a7</run_address>
         <size>0x126</size>
         <input_file_ref idref="fl-18"/>
      </object_component>
      <object_component id="oc-102">
         <name>.debug_line</name>
         <load_address>0x1acd</load_address>
         <run_address>0x1acd</run_address>
         <size>0x37</size>
         <input_file_ref idref="fl-1a"/>
      </object_component>
      <object_component id="oc-107">
         <name>.debug_line</name>
         <load_address>0x1b04</load_address>
         <run_address>0x1b04</run_address>
         <size>0x3a</size>
         <input_file_ref idref="fl-1b"/>
      </object_component>
      <object_component id="oc-10c">
         <name>.debug_line</name>
         <load_address>0x1b3e</load_address>
         <run_address>0x1b3e</run_address>
         <size>0x8a</size>
         <input_file_ref idref="fl-1c"/>
      </object_component>
      <object_component id="oc-111">
         <name>.debug_line</name>
         <load_address>0x1bc8</load_address>
         <run_address>0x1bc8</run_address>
         <size>0x6c</size>
         <input_file_ref idref="fl-1d"/>
      </object_component>
      <object_component id="oc-116">
         <name>.debug_line</name>
         <load_address>0x1c34</load_address>
         <run_address>0x1c34</run_address>
         <size>0x86</size>
         <input_file_ref idref="fl-1e"/>
      </object_component>
      <object_component id="oc-11b">
         <name>.debug_line</name>
         <load_address>0x1cba</load_address>
         <run_address>0x1cba</run_address>
         <size>0x36</size>
         <input_file_ref idref="fl-1f"/>
      </object_component>
      <object_component id="oc-120">
         <name>.debug_line</name>
         <load_address>0x1cf0</load_address>
         <run_address>0x1cf0</run_address>
         <size>0x15d</size>
         <input_file_ref idref="fl-20"/>
      </object_component>
      <object_component id="oc-125">
         <name>.debug_line</name>
         <load_address>0x1e4d</load_address>
         <run_address>0x1e4d</run_address>
         <size>0xf7</size>
         <input_file_ref idref="fl-21"/>
      </object_component>
      <object_component id="oc-129">
         <name>.debug_line</name>
         <load_address>0x1f44</load_address>
         <run_address>0x1f44</run_address>
         <size>0x4c</size>
         <input_file_ref idref="fl-22"/>
      </object_component>
      <object_component id="oc-12f">
         <name>.debug_line</name>
         <load_address>0x1f90</load_address>
         <run_address>0x1f90</run_address>
         <size>0x50</size>
         <input_file_ref idref="fl-33"/>
      </object_component>
      <object_component id="oc-134">
         <name>.debug_line</name>
         <load_address>0x1fe0</load_address>
         <run_address>0x1fe0</run_address>
         <size>0x60</size>
         <input_file_ref idref="fl-34"/>
      </object_component>
      <object_component id="oc-13a">
         <name>.debug_line</name>
         <load_address>0x2040</load_address>
         <run_address>0x2040</run_address>
         <size>0x7e</size>
         <input_file_ref idref="fl-35"/>
      </object_component>
      <object_component id="oc-13f">
         <name>.debug_line</name>
         <load_address>0x20be</load_address>
         <run_address>0x20be</run_address>
         <size>0xad</size>
         <input_file_ref idref="fl-36"/>
      </object_component>
      <object_component id="oc-144">
         <name>.debug_line</name>
         <load_address>0x216b</load_address>
         <run_address>0x216b</run_address>
         <size>0x52</size>
         <input_file_ref idref="fl-37"/>
      </object_component>
      <object_component id="oc-149">
         <name>.debug_line</name>
         <load_address>0x21bd</load_address>
         <run_address>0x21bd</run_address>
         <size>0x50</size>
         <input_file_ref idref="fl-38"/>
      </object_component>
      <object_component id="oc-14e">
         <name>.debug_line</name>
         <load_address>0x220d</load_address>
         <run_address>0x220d</run_address>
         <size>0x62</size>
         <input_file_ref idref="fl-39"/>
      </object_component>
      <object_component id="oc-153">
         <name>.debug_line</name>
         <load_address>0x226f</load_address>
         <run_address>0x226f</run_address>
         <size>0x3e</size>
         <input_file_ref idref="fl-3a"/>
      </object_component>
      <object_component id="oc-158">
         <name>.debug_line</name>
         <load_address>0x22ad</load_address>
         <run_address>0x22ad</run_address>
         <size>0x3a</size>
         <input_file_ref idref="fl-3b"/>
      </object_component>
      <object_component id="oc-15f">
         <name>.debug_line</name>
         <load_address>0x22e7</load_address>
         <run_address>0x22e7</run_address>
         <size>0x65</size>
         <input_file_ref idref="fl-3c"/>
      </object_component>
      <object_component id="oc-164">
         <name>.debug_line</name>
         <load_address>0x234c</load_address>
         <run_address>0x234c</run_address>
         <size>0x5e</size>
         <input_file_ref idref="fl-3d"/>
      </object_component>
      <object_component id="oc-169">
         <name>.debug_line</name>
         <load_address>0x23aa</load_address>
         <run_address>0x23aa</run_address>
         <size>0x4f</size>
         <input_file_ref idref="fl-3e"/>
      </object_component>
      <object_component id="oc-51">
         <name>.debug_abbrev</name>
         <load_address>0x0</load_address>
         <run_address>0x0</run_address>
         <size>0x10e</size>
         <input_file_ref idref="fl-2"/>
      </object_component>
      <object_component id="oc-56">
         <name>.debug_abbrev</name>
         <load_address>0x10e</load_address>
         <run_address>0x10e</run_address>
         <size>0x95</size>
         <input_file_ref idref="fl-3"/>
      </object_component>
      <object_component id="oc-5c">
         <name>.debug_abbrev</name>
         <load_address>0x1a3</load_address>
         <run_address>0x1a3</run_address>
         <size>0x103</size>
         <input_file_ref idref="fl-4"/>
      </object_component>
      <object_component id="oc-61">
         <name>.debug_abbrev</name>
         <load_address>0x2a6</load_address>
         <run_address>0x2a6</run_address>
         <size>0x14f</size>
         <input_file_ref idref="fl-5"/>
      </object_component>
      <object_component id="oc-66">
         <name>.debug_abbrev</name>
         <load_address>0x3f5</load_address>
         <run_address>0x3f5</run_address>
         <size>0xdc</size>
         <input_file_ref idref="fl-6"/>
      </object_component>
      <object_component id="oc-6b">
         <name>.debug_abbrev</name>
         <load_address>0x4d1</load_address>
         <run_address>0x4d1</run_address>
         <size>0xf3</size>
         <input_file_ref idref="fl-7"/>
      </object_component>
      <object_component id="oc-70">
         <name>.debug_abbrev</name>
         <load_address>0x5c4</load_address>
         <run_address>0x5c4</run_address>
         <size>0xdc</size>
         <input_file_ref idref="fl-8"/>
      </object_component>
      <object_component id="oc-75">
         <name>.debug_abbrev</name>
         <load_address>0x6a0</load_address>
         <run_address>0x6a0</run_address>
         <size>0xf3</size>
         <input_file_ref idref="fl-9"/>
      </object_component>
      <object_component id="oc-7a">
         <name>.debug_abbrev</name>
         <load_address>0x793</load_address>
         <run_address>0x793</run_address>
         <size>0xdc</size>
         <input_file_ref idref="fl-a"/>
      </object_component>
      <object_component id="oc-7f">
         <name>.debug_abbrev</name>
         <load_address>0x86f</load_address>
         <run_address>0x86f</run_address>
         <size>0x63</size>
         <input_file_ref idref="fl-b"/>
      </object_component>
      <object_component id="oc-86">
         <name>.debug_abbrev</name>
         <load_address>0x8d2</load_address>
         <run_address>0x8d2</run_address>
         <size>0x127</size>
         <input_file_ref idref="fl-c"/>
      </object_component>
      <object_component id="oc-8b">
         <name>.debug_abbrev</name>
         <load_address>0x9f9</load_address>
         <run_address>0x9f9</run_address>
         <size>0x114</size>
         <input_file_ref idref="fl-d"/>
      </object_component>
      <object_component id="oc-92">
         <name>.debug_abbrev</name>
         <load_address>0xb0d</load_address>
         <run_address>0xb0d</run_address>
         <size>0x1bb</size>
         <input_file_ref idref="fl-e"/>
      </object_component>
      <object_component id="oc-98">
         <name>.debug_abbrev</name>
         <load_address>0xcc8</load_address>
         <run_address>0xcc8</run_address>
         <size>0x15c</size>
         <input_file_ref idref="fl-f"/>
      </object_component>
      <object_component id="oc-9d">
         <name>.debug_abbrev</name>
         <load_address>0xe24</load_address>
         <run_address>0xe24</run_address>
         <size>0x121</size>
         <input_file_ref idref="fl-10"/>
      </object_component>
      <object_component id="oc-a2">
         <name>.debug_abbrev</name>
         <load_address>0xf45</load_address>
         <run_address>0xf45</run_address>
         <size>0xf8</size>
         <input_file_ref idref="fl-11"/>
      </object_component>
      <object_component id="oc-a7">
         <name>.debug_abbrev</name>
         <load_address>0x103d</load_address>
         <run_address>0x103d</run_address>
         <size>0x2f</size>
         <input_file_ref idref="fl-12"/>
      </object_component>
      <object_component id="oc-ac">
         <name>.debug_abbrev</name>
         <load_address>0x106c</load_address>
         <run_address>0x106c</run_address>
         <size>0x10f</size>
         <input_file_ref idref="fl-13"/>
      </object_component>
      <object_component id="oc-b2">
         <name>.debug_abbrev</name>
         <load_address>0x117b</load_address>
         <run_address>0x117b</run_address>
         <size>0x21</size>
         <input_file_ref idref="fl-14"/>
      </object_component>
      <object_component id="oc-b8">
         <name>.debug_abbrev</name>
         <load_address>0x119c</load_address>
         <run_address>0x119c</run_address>
         <size>0xfd</size>
         <input_file_ref idref="fl-15"/>
      </object_component>
      <object_component id="oc-bd">
         <name>.debug_abbrev</name>
         <load_address>0x1299</load_address>
         <run_address>0x1299</run_address>
         <size>0x14f</size>
         <input_file_ref idref="fl-16"/>
      </object_component>
      <object_component id="oc-c5">
         <name>.debug_abbrev</name>
         <load_address>0x13e8</load_address>
         <run_address>0x13e8</run_address>
         <size>0x15b</size>
         <input_file_ref idref="fl-17"/>
      </object_component>
      <object_component id="oc-ca">
         <name>.debug_abbrev</name>
         <load_address>0x1543</load_address>
         <run_address>0x1543</run_address>
         <size>0x138</size>
         <input_file_ref idref="fl-18"/>
      </object_component>
      <object_component id="oc-ff">
         <name>.debug_abbrev</name>
         <load_address>0x167b</load_address>
         <run_address>0x167b</run_address>
         <size>0xb7</size>
         <input_file_ref idref="fl-19"/>
      </object_component>
      <object_component id="oc-103">
         <name>.debug_abbrev</name>
         <load_address>0x1732</load_address>
         <run_address>0x1732</run_address>
         <size>0xdc</size>
         <input_file_ref idref="fl-1a"/>
      </object_component>
      <object_component id="oc-108">
         <name>.debug_abbrev</name>
         <load_address>0x180e</load_address>
         <run_address>0x180e</run_address>
         <size>0x93</size>
         <input_file_ref idref="fl-1b"/>
      </object_component>
      <object_component id="oc-10d">
         <name>.debug_abbrev</name>
         <load_address>0x18a1</load_address>
         <run_address>0x18a1</run_address>
         <size>0xc8</size>
         <input_file_ref idref="fl-1c"/>
      </object_component>
      <object_component id="oc-112">
         <name>.debug_abbrev</name>
         <load_address>0x1969</load_address>
         <run_address>0x1969</run_address>
         <size>0x116</size>
         <input_file_ref idref="fl-1d"/>
      </object_component>
      <object_component id="oc-117">
         <name>.debug_abbrev</name>
         <load_address>0x1a7f</load_address>
         <run_address>0x1a7f</run_address>
         <size>0xea</size>
         <input_file_ref idref="fl-1e"/>
      </object_component>
      <object_component id="oc-11c">
         <name>.debug_abbrev</name>
         <load_address>0x1b69</load_address>
         <run_address>0x1b69</run_address>
         <size>0xea</size>
         <input_file_ref idref="fl-1f"/>
      </object_component>
      <object_component id="oc-121">
         <name>.debug_abbrev</name>
         <load_address>0x1c53</load_address>
         <run_address>0x1c53</run_address>
         <size>0x17b</size>
         <input_file_ref idref="fl-20"/>
      </object_component>
      <object_component id="oc-126">
         <name>.debug_abbrev</name>
         <load_address>0x1dce</load_address>
         <run_address>0x1dce</run_address>
         <size>0xea</size>
         <input_file_ref idref="fl-21"/>
      </object_component>
      <object_component id="oc-12b">
         <name>.debug_abbrev</name>
         <load_address>0x1eb8</load_address>
         <run_address>0x1eb8</run_address>
         <size>0x2f</size>
         <input_file_ref idref="fl-22"/>
      </object_component>
      <object_component id="oc-130">
         <name>.debug_abbrev</name>
         <load_address>0x1ee7</load_address>
         <run_address>0x1ee7</run_address>
         <size>0x84</size>
         <input_file_ref idref="fl-33"/>
      </object_component>
      <object_component id="oc-135">
         <name>.debug_abbrev</name>
         <load_address>0x1f6b</load_address>
         <run_address>0x1f6b</run_address>
         <size>0x84</size>
         <input_file_ref idref="fl-34"/>
      </object_component>
      <object_component id="oc-13b">
         <name>.debug_abbrev</name>
         <load_address>0x1fef</load_address>
         <run_address>0x1fef</run_address>
         <size>0x46</size>
         <input_file_ref idref="fl-35"/>
      </object_component>
      <object_component id="oc-140">
         <name>.debug_abbrev</name>
         <load_address>0x2035</load_address>
         <run_address>0x2035</run_address>
         <size>0x38</size>
         <input_file_ref idref="fl-36"/>
      </object_component>
      <object_component id="oc-145">
         <name>.debug_abbrev</name>
         <load_address>0x206d</load_address>
         <run_address>0x206d</run_address>
         <size>0x38</size>
         <input_file_ref idref="fl-37"/>
      </object_component>
      <object_component id="oc-14a">
         <name>.debug_abbrev</name>
         <load_address>0x20a5</load_address>
         <run_address>0x20a5</run_address>
         <size>0xe3</size>
         <input_file_ref idref="fl-38"/>
      </object_component>
      <object_component id="oc-14f">
         <name>.debug_abbrev</name>
         <load_address>0x2188</load_address>
         <run_address>0x2188</run_address>
         <size>0xa8</size>
         <input_file_ref idref="fl-39"/>
      </object_component>
      <object_component id="oc-154">
         <name>.debug_abbrev</name>
         <load_address>0x2230</load_address>
         <run_address>0x2230</run_address>
         <size>0x68</size>
         <input_file_ref idref="fl-3a"/>
      </object_component>
      <object_component id="oc-159">
         <name>.debug_abbrev</name>
         <load_address>0x2298</load_address>
         <run_address>0x2298</run_address>
         <size>0x66</size>
         <input_file_ref idref="fl-3b"/>
      </object_component>
      <object_component id="oc-160">
         <name>.debug_abbrev</name>
         <load_address>0x22fe</load_address>
         <run_address>0x22fe</run_address>
         <size>0x130</size>
         <input_file_ref idref="fl-3c"/>
      </object_component>
      <object_component id="oc-165">
         <name>.debug_abbrev</name>
         <load_address>0x242e</load_address>
         <run_address>0x242e</run_address>
         <size>0xb2</size>
         <input_file_ref idref="fl-3d"/>
      </object_component>
      <object_component id="oc-16a">
[...]
      </symbol>
      <symbol id="sm-2f5">
         <name>_SCITXINTC_ISR</name>
         <value>0x33869b</value>
         <object_component_ref idref="oc-c2"/>
      </symbol>
      <symbol id="sm-2f6">
         <name>_SCIRXINTC_ISR</name>
         <value>0x338691</value>
         <object_component_ref idref="oc-c2"/>
      </symbol>
      <symbol id="sm-2f7">
         <name>_RTOSINT_ISR</name>
         <value>0x338407</value>
         <object_component_ref idref="oc-c2"/>
      </symbol>
      <symbol id="sm-2f8">
         <name>_EPWM3_INT_ISR</name>
         <value>0x338586</value>
         <object_component_ref idref="oc-c2"/>
      </symbol>
      <symbol id="sm-2f9">
         <name>_ECAN1INTB_ISR</name>
         <value>0x3386eb</value>
         <object_component_ref idref="oc-c2"/>
      </symbol>
      <symbol id="sm-2fa">
         <name>_cnt_select</name>
         <value>0xc205</value>
         <object_component_ref idref="oc-c1"/>
      </symbol>
      <symbol id="sm-2fb">
         <name>_USER9_ISR</name>
         <value>0x33847f</value>
         <object_component_ref idref="oc-c2"/>
      </symbol>
      <symbol id="sm-2fc">
         <name>_USER3_ISR</name>
         <value>0x338443</value>
         <object_component_ref idref="oc-c2"/>
      </symbol>
      <symbol id="sm-2fd">
         <name>_EQEP1_INT_ISR</name>
         <value>0x3385ea</value>
         <object_component_ref idref="oc-c2"/>
      </symbol>
      <symbol id="sm-2fe">
         <name>_MRINTB_ISR</name>
         <value>0x338612</value>
         <object_component_ref idref="oc-c2"/>
      </symbol>
      <symbol id="sm-2ff">
         <name>_FK_Dat</name>
         <value>0xc20e</value>
         <object_component_ref idref="oc-c1"/>
      </symbol>
      <symbol id="sm-300">
         <name>_DINTCH1_ISR</name>
         <value>0x33863a</value>
         <object_component_ref idref="oc-c2"/>
      </symbol>
      <symbol id="sm-301">
         <name>_USER8_ISR</name>
         <value>0x338475</value>
         <object_component_ref idref="oc-c2"/>
      </symbol>
      <symbol id="sm-302">
         <name>_EPWM1_INT_ISR</name>
         <value>0x338572</value>
         <object_component_ref idref="oc-c2"/>
      </symbol>
      <symbol id="sm-303">
         <name>_SEQ2INT_ISR</name>
         <value>0x3384b1</value>
         <object_component_ref idref="oc-c2"/>
      </symbol>
      <symbol id="sm-304">
         <name>_USER2_ISR</name>
         <value>0x338439</value>
         <object_component_ref idref="oc-c2"/>
      </symbol>
      <symbol id="sm-305">
         <name>_cnt_500ms</name>
         <value>0xc204</value>
         <object_component_ref idref="oc-c1"/>
      </symbol>
      <symbol id="sm-306">
         <name>_LUF_ISR</name>
         <value>0x338738</value>
         <object_component_ref idref="oc-c2"/>
      </symbol>
      <symbol id="sm-307">
         <name>_LVF_ISR</name>
         <value>0x33872e</value>
         <object_component_ref idref="oc-c2"/>
      </symbol>
      <symbol id="sm-308">
         <name>_SCITXINTA_ISR</name>
         <value>0x3386af</value>
         <object_component_ref idref="oc-c2"/>
      </symbol>
      <symbol id="sm-309">
         <name>_SCIRXINTA_ISR</name>
         <value>0x3386a5</value>
         <object_component_ref idref="oc-c2"/>
      </symbol>
      <symbol id="sm-30a">
         <name>_i</name>
         <value>0xc20b</value>
         <object_component_ref idref="oc-c1"/>
      </symbol>
      <symbol id="sm-30b">
         <name>_rsvd_ISR</name>
         <value>0x33874c</value>
         <object_component_ref idref="oc-c2"/>
      </symbol>
      <symbol id="sm-30c">
         <name>_ECAP5_INT_ISR</name>
         <value>0x3385d6</value>
         <object_component_ref idref="oc-c2"/>
      </symbol>
      <symbol id="sm-30d">
         <name>_DINTCH2_ISR</name>
         <value>0x33864b</value>
         <object_component_ref idref="oc-c2"/>
      </symbol>
      <symbol id="sm-30e">
         <name>_Target_Position</name>
         <value>0xc208</value>
         <object_component_ref idref="oc-c1"/>
      </symbol>
      <symbol id="sm-30f">
         <name>_XINT5_ISR</name>
         <value>0x338710</value>
         <object_component_ref idref="oc-c2"/>
      </symbol>
      <symbol id="sm-31b">
         <name>_InitEPwm3Gpio</name>
         <value>0x3391da</value>
         <object_component_ref idref="oc-186"/>
      </symbol>
      <symbol id="sm-31c">
         <name>_InitTzGpio</name>
         <value>0x339202</value>
         <object_component_ref idref="oc-186"/>
      </symbol>
      <symbol id="sm-31d">
         <name>_InitEPwm2Gpio</name>
         <value>0x3391c8</value>
         <object_component_ref idref="oc-186"/>
      </symbol>
      <symbol id="sm-31e">
         <name>_InitEPwm1Gpio</name>
         <value>0x3391b6</value>
         <object_component_ref idref="oc-186"/>
      </symbol>
      <symbol id="sm-31f">
         <name>_InitEPwmGpio</name>
         <value>0x3391af</value>
         <object_component_ref idref="oc-186"/>
      </symbol>
      <symbol id="sm-320">
         <name>_InitEPwmSyncGpio</name>
         <value>0x3391ee</value>
         <object_component_ref idref="oc-186"/>
      </symbol>
      <symbol id="sm-321">
         <name>_InitEPwm</name>
         <value>0x33917c</value>
         <object_component_ref idref="oc-186"/>
      </symbol>
      <symbol id="sm-38b">
         <name>_GpioCtrlRegs</name>
         <value>0x6f80</value>
         <object_component_ref idref="oc-ef"/>
      </symbol>
      <symbol id="sm-38c">
         <name>_PieVectTable</name>
         <value>0xd00</value>
         <object_component_ref idref="oc-fe"/>
      </symbol>
      <symbol id="sm-38d">
         <name>_ECap4Regs</name>
         <value>0x6a60</value>
         <object_component_ref idref="oc-e1"/>
      </symbol>
      <symbol id="sm-38e">
         <name>_CsmRegs</name>
         <value>0xae0</value>
         <object_component_ref idref="oc-d5"/>
      </symbol>
      <symbol id="sm-38f">
         <name>_ECanaLAMRegs</name>
         <value>0x6040</value>
         <object_component_ref idref="oc-f2"/>
      </symbol>
      <symbol id="sm-390">
         <name>_ECanbMOTORegs</name>
         <value>0x62c0</value>
         <object_component_ref idref="oc-f7"/>
      </symbol>
      <symbol id="sm-391">
         <name>_EPwm4Regs</name>
         <value>0x68c0</value>
         <object_component_ref idref="oc-e9"/>
      </symbol>
      <symbol id="sm-392">
         <name>_ECap5Regs</name>
         <value>0x6a80</value>
         <object_component_ref idref="oc-e2"/>
      </symbol>
      <symbol id="sm-393">
         <name>_CpuTimer1Regs</name>
         <value>0xc08</value>
         <object_component_ref idref="oc-cf"/>
      </symbol>
      <symbol id="sm-394">
         <name>_SysCtrlRegs</name>
         <value>0x7010</value>
         <object_component_ref idref="oc-e5"/>
      </symbol>
      <symbol id="sm-395">
         <name>_EPwm5Regs</name>
         <value>0x6900</value>
         <object_component_ref idref="oc-ea"/>
      </symbol>
      <symbol id="sm-396">
         <name>_SpiaRegs</name>
         <value>0x7040</value>
         <object_component_ref idref="oc-d9"/>
      </symbol>
      <symbol id="sm-397">
         <name>_ECanaMOTSRegs</name>
         <value>0x6080</value>
         <object_component_ref idref="oc-f3"/>
      </symbol>
      <symbol id="sm-398">
         <name>_ECap6Regs</name>
         <value>0x6aa0</value>
         <object_component_ref idref="oc-e3"/>
      </symbol>
      <symbol id="sm-399">
         <name>_DmaRegs</name>
         <value>0x1000</value>
         <object_component_ref idref="oc-fb"/>
      </symbol>
      <symbol id="sm-39a">
         <name>_FlashRegs</name>
         <value>0xa80</value>
         <object_component_ref idref="oc-d2"/>
      </symbol>
      <symbol id="sm-39b">
         <name>_CpuTimer0Regs</name>
         <value>0xc00</value>
         <object_component_ref idref="oc-ce"/>
      </symbol>
      <symbol id="sm-39c">
         <name>_DevEmuRegs</name>
         <value>0x880</value>
         <object_component_ref idref="oc-fa"/>
      </symbol>
      <symbol id="sm-39d">
         <name>_McbspbRegs</name>
         <value>0x5040</value>
         <object_component_ref idref="oc-ee"/>
      </symbol>
      <symbol id="sm-39e">
         <name>_EPwm6Regs</name>
         <value>0x6940</value>
         <object_component_ref idref="oc-eb"/>
      </symbol>
      <symbol id="sm-39f">
         <name>_SciaRegs</name>
         <value>0x7050</value>
         <object_component_ref idref="oc-d6"/>
      </symbol>
      <symbol id="sm-3a0">
         <name>_GpioDataRegs</name>
         <value>0x6fc0</value>
         <object_component_ref idref="oc-e4"/>
      </symbol>
      <symbol id="sm-3a1">
         <name>_CsmPwl</name>
         <value>0x33fff8</value>
         <object_component_ref idref="oc-d1"/>
      </symbol>
      <symbol id="sm-3a2">
         <name>_AdcRegs</name>
         <value>0x7100</value>
         <object_component_ref idref="oc-dc"/>
      </symbol>
      <symbol id="sm-3a3">
         <name>_XIntruptRegs</name>
         <value>0x7070</value>
         <object_component_ref idref="oc-da"/>
      </symbol>
      <symbol id="sm-3a4">
         <name>_CpuTimer2Regs</name>
         <value>0xc10</value>
         <object_component_ref idref="oc-d0"/>
      </symbol>
      <symbol id="sm-3a5">
         <name>_PieCtrlRegs</name>
         <value>0xce0</value>
         <object_component_ref idref="oc-db"/>
      </symbol>
      <symbol id="sm-3a6">
         <name>_ECanbMOTSRegs</name>
         <value>0x6280</value>
         <object_component_ref idref="oc-f6"/>
      </symbol>
      <symbol id="sm-3a7">
         <name>_ECanaRegs</name>
         <value>0x6000</value>
         <object_component_ref idref="oc-f0"/>
      </symbol>
      <symbol id="sm-3a8">
         <name>_AdcMirror</name>
         <value>0xb00</value>
         <object_component_ref idref="oc-d4"/>
      </symbol>
      <symbol id="sm-3a9">
         <name>_ECanbMboxes</name>
         <value>0x6300</value>
         <object_component_ref idref="oc-fd"/>
      </symbol>
      <symbol id="sm-3aa">
         <name>_XintfRegs</name>
         <value>0xb20</value>
         <object_component_ref idref="oc-dd"/>
      </symbol>
      <symbol id="sm-3ab">
         <name>_ScicRegs</name>
         <value>0x7770</value>
         <object_component_ref idref="oc-d8"/>
      </symbol>
      <symbol id="sm-3ac">
         <name>_ECap1Regs</name>
         <value>0x6a00</value>
         <object_component_ref idref="oc-de"/>
      </symbol>
      <symbol id="sm-3ad">
         <name>_EQep1Regs</name>
         <value>0x6b00</value>
         <object_component_ref idref="oc-f8"/>
      </symbol>
      <symbol id="sm-3ae">
         <name>_McbspaRegs</name>
         <value>0x5000</value>
         <object_component_ref idref="oc-ed"/>
      </symbol>
      <symbol id="sm-3af">
         <name>_EPwm1Regs</name>
         <value>0x6800</value>
         <object_component_ref idref="oc-e6"/>
      </symbol>
      <symbol id="sm-3b0">
         <name>_ECanbRegs</name>
         <value>0x6200</value>
         <object_component_ref idref="oc-f1"/>
      </symbol>
      <symbol id="sm-3b1">
         <name>_ScibRegs</name>
         <value>0x7750</value>
         <object_component_ref idref="oc-d7"/>
      </symbol>
      <symbol id="sm-3b2">
         <name>_ECap2Regs</name>
         <value>0x6a20</value>
         <object_component_ref idref="oc-df"/>
      </symbol>
      <symbol id="sm-3b3">
         <name>_GpioIntRegs</name>
         <value>0x6fe0</value>
         <object_component_ref idref="oc-d3"/>
      </symbol>
      <symbol id="sm-3b4">
         <name>_EQep2Regs</name>
         <value>0x6b40</value>
         <object_component_ref idref="oc-f9"/>
      </symbol>
      <symbol id="sm-3b5">
         <name>_PartIdRegs</name>
         <value>0x380090</value>
         <object_component_ref idref="oc-cd"/>
      </symbol>
      <symbol id="sm-3b6">
         <name>_EPwm2Regs</name>
         <value>0x6840</value>
         <object_component_ref idref="oc-e7"/>
      </symbol>
      <symbol id="sm-3b7">
         <name>_ECanaMboxes</name>
         <value>0x6100</value>
         <object_component_ref idref="oc-fc"/>
      </symbol>
      <symbol id="sm-3b8">
         <name>_ECap3Regs</name>
         <value>0x6a40</value>
         <object_component_ref idref="oc-e0"/>
      </symbol>
      <symbol id="sm-3b9">
         <name>_ECanaMOTORegs</name>
         <value>0x60c0</value>
         <object_component_ref idref="oc-f4"/>
      </symbol>
      <symbol id="sm-3ba">
         <name>_EPwm3Regs</name>
         <value>0x6880</value>
         <object_component_ref idref="oc-e8"/>
      </symbol>
      <symbol id="sm-3bb">
         <name>_ECanbLAMRegs</name>
         <value>0x6240</value>
         <object_component_ref idref="oc-f5"/>
      </symbol>
      <symbol id="sm-3bc">
         <name>_I2caRegs</name>
         <value>0x7900</value>
         <object_component_ref idref="oc-ec"/>
      </symbol>
      <symbol id="sm-3da">
         <name>_InitPieCtrl</name>
         <value>0x33963d</value>
         <object_component_ref idref="oc-17e"/>
      </symbol>
      <symbol id="sm-3db">
         <name>_EnableInterrupts</name>
         <value>0x33965c</value>
         <object_component_ref idref="oc-17e"/>
      </symbol>
      <symbol id="sm-3eb">
         <name>_PieVectTableInit</name>
         <value>0x33973c</value>
         <object_component_ref idref="oc-188"/>
      </symbol>
      <symbol id="sm-3ec">
         <name>_InitPieVectTable</name>
         <value>0x339689</value>
         <object_component_ref idref="oc-17f"/>
      </symbol>
      <symbol id="sm-3f8">
         <name>_InitScibGpio</name>
         <value>0x3396ca</value>
         <object_component_ref idref="oc-187"/>
      </symbol>
      <symbol id="sm-3f9">
         <name>_InitSciGpio</name>
         <value>0x3396c7</value>
         <object_component_ref idref="oc-187"/>
      </symbol>
      <symbol id="sm-3fa">
         <name>_InitSci</name>
         <value>0x3396c6</value>
         <object_component_ref idref="oc-187"/>
      </symbol>
      <symbol id="sm-41a">
         <name>_InitPll</name>
         <value>0x338f20</value>
         <object_component_ref idref="oc-17d"/>
      </symbol>
      <symbol id="sm-41b">
         <name>_DisableDog</name>
         <value>0x338f18</value>
         <object_component_ref idref="oc-17d"/>
      </symbol>
      <symbol id="sm-41c">
         <name>_InitPeripheralClocks</name>
         <value>0x338f71</value>
         <object_component_ref idref="oc-17d"/>
      </symbol>
      <symbol id="sm-41d">
         <name>_InitFlash</name>
         <value>0x8000</value>
         <object_component_ref idref="oc-180"/>
      </symbol>
      <symbol id="sm-41e">
         <name>_CsmUnlock</name>
         <value>0x338fb4</value>
         <object_component_ref idref="oc-17d"/>
      </symbol>
      <symbol id="sm-41f">
         <name>_ServiceDog</name>
         <value>0x338f0e</value>
         <object_component_ref idref="oc-17d"/>
      </symbol>
      <symbol id="sm-420">
         <name>_InitSysCtrl</name>
         <value>0x338f05</value>
         <object_component_ref idref="oc-17d"/>
      </symbol>
      <symbol id="sm-42c">
         <name>_InitXintf16Gpio</name>
         <value>0x338ead</value>
         <object_component_ref idref="oc-189"/>
      </symbol>
      <symbol id="sm-42d">
         <name>_InitXintf</name>
         <value>0x338e14</value>
         <object_component_ref idref="oc-189"/>
      </symbol>
      <symbol id="sm-42e">
         <name>_InitXintf32Gpio</name>
         <value>0x338e66</value>
         <object_component_ref idref="oc-189"/>
      </symbol>
      <symbol id="sm-43a">
         <name>_DSP28x_usDelay</name>
         <value>0x801b</value>
         <object_component_ref idref="oc-128"/>
      </symbol>
      <symbol id="sm-448">
         <name>_cos</name>
         <value>0x339451</value>
         <object_component_ref idref="oc-179"/>
      </symbol>
      <symbol id="sm-449">
         <name>_cosf</name>
         <value>0x339451</value>
         <object_component_ref idref="oc-179"/>
      </symbol>
      <symbol id="sm-456">
         <name>_sin</name>
         <value>0x3394b4</value>
         <object_component_ref idref="oc-17a"/>
      </symbol>
      <symbol id="sm-457">
         <name>_sinf</name>
         <value>0x3394b4</value>
         <object_component_ref idref="oc-17a"/>
      </symbol>
      <symbol id="sm-472">
         <name>_c_int00</name>
         <value>0x33950d</value>
         <object_component_ref idref="oc-4d"/>
      </symbol>
      <symbol id="sm-473">
         <name>__stack</name>
         <value>0x400</value>
         <object_component_ref idref="oc-137"/>
      </symbol>
      <symbol id="sm-484">
         <name>FS$$DIV</name>
         <value>0x339356</value>
         <object_component_ref idref="oc-13d"/>
      </symbol>
      <symbol id="sm-490">
         <name>U$$MOD</name>
         <value>0x339721</value>
         <object_component_ref idref="oc-142"/>
      </symbol>
      <symbol id="sm-491">
         <name>U$$DIV</name>
         <value>0x33971c</value>
         <object_component_ref idref="oc-142"/>
      </symbol>
      <symbol id="sm-4a0">
         <name>_copy_in</name>
         <value>0x339665</value>
         <object_component_ref idref="oc-16d"/>
      </symbol>
      <symbol id="sm-4b1">
         <name>_memcpy</name>
         <value>0x3396a9</value>
         <object_component_ref idref="oc-175"/>
      </symbol>
      <symbol id="sm-4bd">
         <name>__system_pre_init</name>
         <value>0x339738</value>
         <object_component_ref idref="oc-16c"/>
      </symbol>
      <symbol id="sm-4ca">
         <name>__system_post_cinit</name>
         <value>0x33973a</value>
         <object_component_ref idref="oc-16e"/>
      </symbol>
      <symbol id="sm-4de">
         <name>C$$EXIT</name>
         <value>0x339614</value>
         <object_component_ref idref="oc-170"/>
      </symbol>
      <symbol id="sm-4df">
         <name>_exit</name>
         <value>0x339616</value>
         <object_component_ref idref="oc-170"/>
      </symbol>
      <symbol id="sm-4e0">
         <name>___TI_cleanup_ptr</name>
         <value>0xc1fa</value>
         <object_component_ref idref="oc-15d"/>
      </symbol>
      <symbol id="sm-4e1">
         <name>___TI_enable_exit_profile_output</name>
         <value>0xc1f8</value>
         <object_component_ref idref="oc-15d"/>
      </symbol>
      <symbol id="sm-4e2">
         <name>_abort</name>
         <value>0x339614</value>
         <object_component_ref idref="oc-170"/>
      </symbol>
      <symbol id="sm-4e3">
         <name>___TI_dtors_ptr</name>
         <value>0xc1fc</value>
         <object_component_ref idref="oc-15d"/>
      </symbol>
      <symbol id="sm-4f7">
         <name>__unlock</name>
         <value>0xc228</value>
         <object_component_ref idref="oc-18d"/>
      </symbol>
      <symbol id="sm-4f8">
         <name>__lock</name>
         <value>0xc1fe</value>
         <object_component_ref idref="oc-177"/>
      </symbol>
      <symbol id="sm-4f9">
         <name>__register_lock</name>
         <value>0x33972b</value>
         <object_component_ref idref="oc-184"/>
      </symbol>
      <symbol id="sm-4fa">
         <name>__nop</name>
         <value>0x33972f</value>
         <object_component_ref idref="oc-184"/>
      </symbol>
      <symbol id="sm-4fb">
         <name>__register_unlock</name>
         <value>0x339727</value>
         <object_component_ref idref="oc-184"/>
      </symbol>
      <symbol id="sm-50a">
         <name>__args_main</name>
         <value>0x33970a</value>
         <object_component_ref idref="oc-16f"/>
      </symbol>
   </symbol_table>
   <title>Link successful</title>
</link_info>
